  4012E8     2828 Code                ABERROR_TEXT
  403B10     4703 Code                ABFILE_TEXT
  408214      159 Code                ABFUZZY_TEXT
  408370       91 Code                ABRESIZE_TEXT
  408404      133 Code                ABTOOLBA_TEXT
  408538     2078 Code                ABUTIL_TEXT
  40A5B0     1C76 Code                ABWINDOW_TEXT
  40C228       80 Code                CWSYNCHC_TEXT
  40C2A8       23 Code                IEXE32_TEXT
  40C2CC      2A6 Code                INIT_TEXT
  40C574        D Code                INST00_TEXT
  40C584      2A9 Code                QPLLITEDEMOC10001_TEXT
  40C830     149B Code                QPLLITEDEMOC10009_TEXT
  40DCCC      262 Code                QPLLITEDEMOC10_BC0_TEXT
  40DF30       13 Code                QPLLITEDEMOC10_BC_TEXT
  40DF44       B0 Code                QPLLITEDEMOC10_TEXT
  40E000     1290 Initialized Data    $DEFAULTERRORS_DATA
  40F290       23 Initialized Data    ABEIP_CONST
  40F2B4       3C Initialized Data    ABEIP_DATA
  40F2F0      16B Initialized Data    ABERROR_CONST
  40F45C      AA4 Initialized Data    ABERROR_DATA
  40FF00       3D Initialized Data    ABFILE_CONST
  40FF40      368 Initialized Data    ABFILE_DATA
  4102A8       B4 Initialized Data    ABFUZZY_DATA
  41035C       4C Initialized Data    ABTOOLBA_DATA
  4103A8       79 Initialized Data    ABUTIL_CONST
  410424      183 Initialized Data    ABUTIL_DATA
  4105A8        4 Initialized Data    ABWINDOW_CONST
  4105AC       3F Initialized Data    ABWINDOW_DATA
  4105EC       48 Initialized Data    CWSYNCHC_DATA
  410634       44 Initialized Data    IEXE32_DATA
  410678       34 Initialized Data    QPLLITEDEMOC10001_CONST
  4106AC      28C Initialized Data    QPLLITEDEMOC10001_DATA
  410938      410 Initialized Data    QPLLITEDEMOC10009_CONST
  410D48      2E8 Initialized Data    QPLLITEDEMOC10009_DATA
  411030        A Initialized Data    QPLLITEDEMOC10_BC0_CONST
  41103C      3DC Initialized Data    QPLLITEDEMOC10_BC0_DATA
  411418       61 Initialized Data    QPLLITEDEMOC10_CONST
  41147C       A4 Initialized Data    QPLLITEDEMOC10_DATA
  411520        0 Initialized Data    __CPPINI_CONS
  411520      268 Initialized Data    __CPPINI_CONST
  411788        4 Initialized Data    __CPPINI_END
  41178C        0 Initialized Data    __INIVMT_CONS
  41178C       98 Initialized Data    __INIVMT_CONST
  411824        0 Initialized Data    __INIVMT_CONST_END
  411830     1623 Un-initialized Data $FUZZYMATCHER_BSS
  412E54       40 Un-initialized Data ABEIP_BSS
  412E94      404 Un-initialized Data ABERROR_BSS
  413298       10 Un-initialized Data ABFILE_BSS
  4132A8        4 Un-initialized Data ABFUZZY_BSS
  4132AC      104 Un-initialized Data ABUTIL_BSS
  4133B0      14C Un-initialized Data QPLLITEDEMOC10_BSS
  414000        8 __T_L_S__DAT
  414008      128 __T_L_S__DATA
  414130        0 __T_L_S__DATA_END
  414130        0 __T_L_S__BS
  414130     1C58 __T_L_S__BSS
  415D88        0 __T_L_S__BSS_END

  401404 KILL_@_WINDOWCOMPONENT_@_HISTHANDLERCLASS@F15WINDOWCOMPONENT
  401408 RESET_@_WINDOWCOMPONENT_@_HISTHANDLERCLASS@F15WINDOWCOMPONENTUc
  40140C RESETREQUIRED_@_WINDOWCOMPONENT_@_HISTHANDLERCLASS@F15WINDOWCOMPONENT
  401410 SETALERTS_@_WINDOWCOMPONENT_@_HISTHANDLERCLASS@F15WINDOWCOMPONENT
  401414 TAKEEVENT_@_WINDOWCOMPONENT_@_HISTHANDLERCLASS@F15WINDOWCOMPONENT
  40141C UPDATE_@_WINDOWCOMPONENT_@_HISTHANDLERCLASS@F15WINDOWCOMPONENT
  401420 UPDATEWINDOW_@_WINDOWCOMPONENT_@_HISTHANDLERCLASS@F15WINDOWCOMPONENT
  401434 VLBPROC@F16HISTHANDLERCLASSls
  4014E0 TAKEEVENT@F16HISTHANDLERCLASS
  4015A8 INIT@F16HISTHANDLERCLASSBw10ERRORCLASS16ERRORHISTORYLIST
  4015B4 _VLBPROC@F16HISTHANDLERCLASSls
  4015C4 TAKEACCEPTED@F11MSGBOXCLASS
  401600 SETUPADDITIONALFEQS@F11MSGBOXCLASS
  401688 KILL@F11MSGBOXCLASS
  4016C8 INIT@F11MSGBOXCLASS
  401978 INIT@F11MSGBOXCLASSBw10ERRORCLASSOsbllll
  401A10 FETCHSTDBUTTON@F11MSGBOXCLASSs
  401A44 GETALLSTATUSVARIABLES@F10ERRORCLASS16ERRORSTATUSGROUP
  401A74 GETERRORBUFFERFATALITY@F10ERRORCLASS
  401AA4 GETERRORBUFFERTITLE@F10ERRORCLASS
  401ADC GETERRORBUFFERID@F10ERRORCLASS
  401B00 SETMESSAGETEXT@F10ERRORCLASSsb
  401B50 SETKEYNAME@F10ERRORCLASSsb
  401BA0 SETFILENAME@F10ERRORCLASSsb
  401BF0 STOREERRORENTRY@F10ERRORCLASSUs
  401D20 GETHISTORYRESETONVIEW@F10ERRORCLASS
  401D6C SETHISTORYRESETONVIEW@F10ERRORCLASSUc
  401DB4 GETHISTORYVIEWLEVEL@F10ERRORCLASS
  401E00 SETHISTORYVIEWLEVEL@F10ERRORCLASSl
  401E48 GETHISTORYTHRESHOLD@F10ERRORCLASS
  401E94 SETHISTORYTHRESHOLD@F10ERRORCLASSl
  401EDC GETLOGERRORS@F10ERRORCLASS
  401F28 GETSILENT@F10ERRORCLASS
  401F74 SETDEFAULTCATEGORY@F10ERRORCLASSsa
  401FBC GETDEFAULTCATEGORY@F10ERRORCLASS
  402008 VIEWHISTORY@F10ERRORCLASS
  402034 THROWMESSAGE@F10ERRORCLASSssb
  402084 THROW@F10ERRORCLASSs
  402098 TAKEUSER@F10ERRORCLASS
  4020F4 TAKEPROGRAM@F10ERRORCLASS
  4020FC TAKEOTHER@F10ERRORCLASS
  402104 TAKENOTIFY@F10ERRORCLASS
  402150 TAKEFATAL@F10ERRORCLASS
  4021DC TAKEERROR@F10ERRORCLASSs
  4023E0 TAKEBENIGN@F10ERRORCLASS
  4023E4 SUBSSTRING@F10ERRORCLASS
  402798 SETPROCEDURENAME@F10ERRORCLASSOsb
  402848 GETERRORENTRY@F10ERRORCLASSUs15ERRORENTRYGROUPl
  4028EC GETERRORENTRY@F10ERRORCLASSUs15ERRORENTRYGROUP
  402920 SETID@F10ERRORCLASSUsl
  402958 SETID@F10ERRORCLASSUs
  402974 SETKEY@F10ERRORCLASSsb
  4029B0 SETFILE@F10ERRORCLASSsb
  4029EC SETERRORS@F10ERRORCLASS
  402A70 SETERRORLOG@F10ERRORCLASS17ERRORLOGINTERFACE
  402B10 SETCATEGORY@F10ERRORCLASSssa
  402B5C RESETHISTORY@F10ERRORCLASS
  402B84 REMOVEERROR@F10ERRORCLASSUs
  402BC4 MESSAGEBOX@F10ERRORCLASSUcsbOsbOsblll
  402C5C MSG@F10ERRORCLASSsbOsbOsblll
  402FA8 MESSAGE@F10ERRORCLASSsll
  40300C KILL@F10ERRORCLASS
  4030B0 INIT@F10ERRORCLASS16ERRORSTATUSCLASS
  40310C INIT@F10ERRORCLASS
  4031E0 HISTORYMSG@F10ERRORCLASSsblll
  4033A0 GETPROCEDURENAME@F10ERRORCLASS
  403474 GETCATEGORY@F10ERRORCLASSs
  4034FC ADDHISTORY@F10ERRORCLASS
  40352C ADDERRORS@F10ERRORCLASS10ERRORBLOCK
  4036D8 ADDERROR@F10ERRORCLASSUsRsbRsbUcsa
  403784 DESTRUCT@F10ERRORCLASS
  4037A0 CONSTRUCT@F10ERRORCLASS
  4037B8 DESTRUCT@F16ERRORSTATUSCLASS
  4037EC CONSTRUCT@F16ERRORSTATUSCLASS
  403924 CLOSE_@_ERRORLOGINTERFACE_@_STANDARDERRORLOGCLASS@F17ERRORLOGINTERFACEUc
  40392C OPEN_@_ERRORLOGINTERFACE_@_STANDARDERRORLOGCLASS@F17ERRORLOGINTERFACEUc
  403934 TAKE_@_ERRORLOGINTERFACE_@_STANDARDERRORLOGCLASS@F17ERRORLOGINTERFACEsb
  4039D8 CLOSE@F21STANDARDERRORLOGCLASSUc
  403A54 OPEN@F21STANDARDERRORLOGCLASSUc
  403AFC DESTRUCT@F21STANDARDERRORLOGCLASS
  403B08 CONSTRUCT@F21STANDARDERRORLOGCLASS
  403D54 REMOVERELATIONFILEMAPPING@F12FILESMANAGER15RELATIONMANAGER
  403D74 REMOVERELATIONFILEMAPPING@F12FILESMANAGERl
  403D90 REMOVEFILEMAPPING@F12FILESMANAGER11FILEMANAGER
  403DAC REMOVEFILEMAPPING@F12FILESMANAGERl
  403DC8 NOTEUSAGE@F12FILESMANAGER11FILEMANAGERUc
  403EA0 NOTEOPEN@F12FILESMANAGER11FILEMANAGER
  403EE4 NOTECLOSE@F12FILESMANAGER11FILEMANAGER
  403F74 GETRELATIONFILEMAPPING@F12FILESMANAGERl
  403FAC GETFILEMAPPING@F12FILESMANAGERl
  403FE4 GETFILEID@F12FILESMANAGERBf
  403FFC FINDRECORD@F12FILESMANAGER11FILEMANAGER
  4040A8 ADDFILEMAPPING@F12FILESMANAGER15RELATIONMANAGER
  404104 ADDFILEMAPPING@F12FILESMANAGER11FILEMANAGER
  404160 DESTRUCT@F12FILESMANAGER
  4041A0 CONSTRUCT@F12FILESMANAGER
  404728 OPENFILE_@_IFILEOPENSERVER_@_UNTHREADEDFILEOPENSERVER@F15IFILEOPENSERVERl
  4047B8 CLOSEFILE_@_IFILEOPENSERVER_@_UNTHREADEDFILEOPENSERVER@F15IFILEOPENSERVER
  404838 LINK_@_IFILEOPENSERVER_@_UNTHREADEDFILEOPENSERVER@F15IFILEOPENSERVER
  404888 RELEASE_@_IFILEOPENSERVER_@_UNTHREADEDFILEOPENSERVER@F15IFILEOPENSERVER
  404914 INIT@F24UNTHREADEDFILEOPENSERVERBf
  404928 DESTRUCT@F24UNTHREADEDFILEOPENSERVER
  40494C CONSTRUCT@F24UNTHREADEDFILEOPENSERVER
  40497C OPENFILE_@_IFILEOPENSERVER_@_THREADEDFILEOPENSERVER@F15IFILEOPENSERVERl
  4049A8 CLOSEFILE_@_IFILEOPENSERVER_@_THREADEDFILEOPENSERVER@F15IFILEOPENSERVER
  4049B8 LINK_@_IFILEOPENSERVER_@_THREADEDFILEOPENSERVER@F15IFILEOPENSERVER
  4049C4 RELEASE_@_IFILEOPENSERVER_@_THREADEDFILEOPENSERVER@F15IFILEOPENSERVER
  4049D0 RELEASE@F14FILEOPENSERVER
  4049F0 LINK@F14FILEOPENSERVER
  4049F4 INIT@F14FILEOPENSERVERBf
  4049F8 DESTRUCT@F14FILEOPENSERVER
  4049FC CONSTRUCT@F14FILEOPENSERVER
  404A04 DEFEREDADDRELATIONS@F15RELATIONMANAGER
  404A08 UPDATESECONDARY@F15RELATIONMANAGERBk18BUFFEREDPAIRSCLASSUc
  404B98 UPDATE@F15RELATIONMANAGERUc
  404DAC INSERT@F15RELATIONMANAGER
  404F04 SETQUICKSCAN@F15RELATIONMANAGERUcUc
  405010 SAVE@F15RELATIONMANAGER
  405058 FORCEOPEN@F15RELATIONMANAGERUc
  405068 OPEN@F15RELATIONMANAGERUc
  405090 OPENCLOSESERVER@F15RELATIONMANAGERUcUc
  405214 LOGOUTINSERT@F15RELATIONMANAGER
  4052A8 LOGOUTUPDATE@F15RELATIONMANAGER
  405314 LOGOUTPRIME@F15RELATIONMANAGER
  4053F4 LOGOUTDELETE@F15RELATIONMANAGER
  405470 KILL@F15RELATIONMANAGER
  4054F4 INIT@F15RELATIONMANAGER11FILEMANAGERUc
  40552C DELETESECONDARY@F15RELATIONMANAGERBk18BUFFEREDPAIRSCLASSUcUc
  4057C4 DELETE@F15RELATIONMANAGERUc
  405A10 CLOSE@F15RELATIONMANAGERUc
  405A1C CASCADEUPDATES@F15RELATIONMANAGER
  405AF8 CANCELAUTOINC@F15RELATIONMANAGER
  405B0C DEFEREDRELATIONS@F15RELATIONMANAGER
  405B34 CONSTRUCT@F15RELATIONMANAGER
  405B3C FUNCTIONCALLED_@_FILECALLBACKINTERFACE_@_FILEMANAGER@F21FILECALLBACKINTERFACEl6PARAMSRscRsc
  405BE8 FUNCTIONDONE_@_FILECALLBACKINTERFACE_@_FILEMANAGER@F21FILECALLBACKINTERFACEl6PARAMSRscRsc
  405D34 POSTCREATE@F11FILEMANAGERRscRsc
  405D3C PRECREATE@F11FILEMANAGERRscRsc
  405D44 POSTFETCH@F11FILEMANAGERlBksbllRscRsc
  405D68 PREFETCH@F11FILEMANAGERlBksbllRscRsc
  405D8C POSTUPDATE@F11FILEMANAGERRscRsc
  405D94 PREUPDATE@F11FILEMANAGERllRscRsc
  405D9C POSTINSERT@F11FILEMANAGERRscRsc
  405DA4 PREINSERT@F11FILEMANAGERllRscRsc
  405DAC POSTDELETE@F11FILEMANAGERRscRsc
  405DB4 PREDELETE@F11FILEMANAGERRscRsc
  405DBC FUNCTIONDONE@F11FILEMANAGERl6PARAMSRscRsc
  405EF0 FUNCTIONCALLED@F11FILEMANAGERl6PARAMSRscRsc
  406054 GETAUTOINCDONE@F11FILEMANAGER
  40605C GETMRPSIZE@F11FILEMANAGER
  406064 SETMRPSIZE@F11FILEMANAGERUc
  40606C GETUSEMRP@F11FILEMANAGER
  406074 SETUSEMRP@F11FILEMANAGERUc
  40607C DELETED@F11FILEMANAGER
  406080 DELETERECORD@F11FILEMANAGERUc
  4060D4 VALIDATERECORD@F11FILEMANAGERPl
  40618C VALIDATEFIELDS@F11FILEMANAGERllPl
  406248 VALIDATEFIELDSERVER@F11FILEMANAGERlUc
  4062B4 TRYVALIDATEFIELD@F11FILEMANAGERl
  4062C4 VALIDATEFIELD@F11FILEMANAGERl
  4062D4 USEFILE@F11FILEMANAGERUc
  4063C8 UPDATESERVER@F11FILEMANAGERUc
  4064C0 UPDATE@F11FILEMANAGER
  4064CC TRYUPDATE@F11FILEMANAGER
  4064D8 TRYREGET@F11FILEMANAGERsb
  406580 TRYPRIMEAUTOINC@F11FILEMANAGER
  40658C TRYPREVIOUS@F11FILEMANAGER
  40659C TRYOPEN@F11FILEMANAGER
  4065AC TRYNEXT@F11FILEMANAGER
  4065BC TRYINSERT@F11FILEMANAGER
  4065C8 TRYFETCH@F11FILEMANAGERBk
  406610 THROWMESSAGE@F11FILEMANAGERUssb
  406664 THROW@F11FILEMANAGER
  406688 THROW@F11FILEMANAGERUs
  4066A0 SETKEY@F11FILEMANAGERBk
  4066F8 SETERRORS@F11FILEMANAGER10ERRORCLASS
  4066FC SETERROR@F11FILEMANAGERUs
  406714 SAVEFILE@F11FILEMANAGER
  406830 SAVEBUFFER@F11FILEMANAGER
  406988 RESTOREFILE@F11FILEMANAGERRUs11FILEMANAGERUc
  406AB8 RESTOREFILE@F11FILEMANAGERRUsUc
  406AC8 RESTOREBUFFER@F11FILEMANAGERRUs11FILEMANAGERUc
  406C38 RESTOREBUFFER@F11FILEMANAGERRUsUc
  406C48 PRIMERECORD@F11FILEMANAGERUc
  406D54 PRIMEFIELDS@F11FILEMANAGER
  406D58 PRIMEAUTOINCSERVER@F11FILEMANAGERUc
  407308 PRIMEAUTOINC@F11FILEMANAGER
  407314 PREVIOUS@F11FILEMANAGER
  407324 POSITION@F11FILEMANAGER
  4073A4 OPENSERVER@F11FILEMANAGERUcUc
  407404 OPENFILE@F11FILEMANAGERUc
  407624 OPEN@F11FILEMANAGER
  407634 NEXTSERVER@F11FILEMANAGERUcUc
  407750 NEXT@F11FILEMANAGER
  407760 KILL@F11FILEMANAGER
  4077A4 ISOPENED@F11FILEMANAGER
  4077C4 INSERTSERVER@F11FILEMANAGERUc
  4079DC INSERT@F11FILEMANAGER
  4079E8 INIT@F11FILEMANAGERBf10ERRORCLASS
  407AC8 INIT@F11FILEMANAGER
  407B04 GETOPENED@F11FILEMANAGER
  407B0C GETNAME@F11FILEMANAGER
  407B94 GETEOF@F11FILEMANAGER
  407B9C FETCH@F11FILEMANAGERBk
  407BD4 EQUALBUFFER@F11FILEMANAGERRUs
  407D10 CLOSE@F11FILEMANAGER
  407DA4 CLEARKEY@F11FILEMANAGERBkUcUcUc
  407E54 CANCELAUTOINC@F11FILEMANAGER15RELATIONMANAGER
  407EC4 BINDFIELDS@F11FILEMANAGER
  407EE8 ADDKEY@F11FILEMANAGERBksbUc
  4081E0 DESTRUCT@F11FILEMANAGER
  408214 SETOPTION@F10FUZZYCLASSUcUc
  408278 KILL@F10FUZZYCLASS
  40827C INIT@F10FUZZYCLASS
  408290 CONSTRUCT@F10FUZZYCLASS
  408370 TAKERESIZE@F17WINDOWRESIZECLASS
  408378 KILL@F17WINDOWRESIZECLASS
  408404 TAKEEVENT@F12TOOLBARCLASSPl13WINDOWMANAGER
  408430 SETTARGET@F12TOOLBARCLASSl
  4084D8 KILL@F12TOOLBARCLASS
  4084F0 INIT@F12TOOLBARCLASS
  408510 DISPLAYBUTTONS@F12TOOLBARCLASS
  408538 SETMASK@F15SELECTFILECLASSsbsb
  4085B4 SETMASK@F15SELECTFILECLASSsb
  408604 ASK@F15SELECTFILECLASSUc
  40876C ADDMASK@F15SELECTFILECLASSsb
  408828 INIT@F15SELECTFILECLASS
  408850 UPDATEQUEUE@F8INICLASSsbsbBqRuPuPuPu
  408A74 UPDATE@F8INICLASSsbsbsb
  408B30 UPDATE@F8INICLASSsbBw
  408D10 UPDATE@F8INICLASS
  408D14 TRYFETCH@F8INICLASSsbsb
  408D8C REMOVE@F8INICLASSsbsb
  408EF4 KILL@F8INICLASS
  40902C INIT@F8INICLASSsbll
  409144 FETCHQUEUE@F8INICLASSsbsbBqRuPuPuPu
  4093B8 FETCHFIELD@F8INICLASSsbsbUc
  4094F8 FETCH@F8INICLASSsbsbRu
  4095BC FETCH@F8INICLASSsbBw
  40981C FETCH@F8INICLASSsbsb
  4098F4 FETCH@F8INICLASS
  4098F8 UPDATEWINDOWINFO@F8INICLASSsb10WINDOWINFO
  409B64 FETCHWINDOWINFO@F8INICLASSsb10WINDOWINFO
  409DDC UPDATE@F8INICLASSsbsbsbsb
  409FC8 FETCH@F8INICLASSsbsbsbsb
  40A1EC DESTRUCT@F8INICLASS
  40A208 CONSTRUCT@F8INICLASS
  40A21C KILL@F18BUFFEREDPAIRSCLASS
  40A298 EQUALRIGHTBUFFER@F18BUFFEREDPAIRSCLASSUc
  40A328 EQUALLEFTBUFFER@F18BUFFEREDPAIRSCLASSUc
  40A3B4 EQUALRIGHTBUFFER@F18BUFFEREDPAIRSCLASS
  40A3C0 EQUALLEFTBUFFER@F18BUFFEREDPAIRSCLASS
  40A3CC ASSIGNLEFTTOBUFFER@F18BUFFEREDPAIRSCLASS
  40A410 ASSIGNBUFFERTORIGHT@F18BUFFEREDPAIRSCLASS
  40A458 ASSIGNBUFFERTOLEFT@F18BUFFEREDPAIRSCLASS
  40A49C EQUALLEFTRIGHT@F15FIELDPAIRSCLASS
  40A4EC CLEARRIGHT@F15FIELDPAIRSCLASS
  40A528 ASSIGNRIGHTTOLEFT@F15FIELDPAIRSCLASS
  40A56C ASSIGNLEFTTORIGHT@F15FIELDPAIRSCLASS
  40A694 SAVEONINSERTACTION@F13WINDOWMANAGER
  40A738 SAVEONCHANGEACTION@F13WINDOWMANAGER
  40A850 DELETEACTION@F13WINDOWMANAGER
  40AA0C CHANGEACTION@F13WINDOWMANAGER
  40AD7C INSERTACTION@F13WINDOWMANAGER
  40AF6C TAKEDISABLEBUTTON@F13WINDOWMANAGERlUc
  40AF94 UPDATE@F13WINDOWMANAGER
  40AFD0 TAKEWINDOWEVENT@F13WINDOWMANAGER
  40B1F8 TAKESELECTED@F13WINDOWMANAGER
  40B1FC TAKEREJECTED@F13WINDOWMANAGER
  40B238 TAKENOTIFY@F13WINDOWMANAGERlll
  40B23C TAKENEWSELECTION@F13WINDOWMANAGER
  40B2BC TAKEFIELDEVENT@F13WINDOWMANAGER
  40B2C0 TAKEEVENT@F13WINDOWMANAGER
  40B474 TAKECLOSEEVENT@F13WINDOWMANAGER
  40B618 TAKECOMPLETED@F13WINDOWMANAGER
  40B6F0 TAKEACCEPTED@F13WINDOWMANAGER
  40B7DC SETRESPONSE@F13WINDOWMANAGERUc
  40B828 SETALERTS@F13WINDOWMANAGER
  40B8D8 SAVEHISTORY@F13WINDOWMANAGER
  40B980 RUN@F13WINDOWMANAGERUsUc
  40B984 RUN@F13WINDOWMANAGER
  40B9D0 RESTOREFIELD@F13WINDOWMANAGERl
  40BAA4 RESETBUFFERS@F13WINDOWMANAGERUc
  40BB08 RESET@F13WINDOWMANAGERUc
  40BB90 PRIMEUPDATE@F13WINDOWMANAGER
  40BCD4 PRIMEFIELDS@F13WINDOWMANAGER
  40BCD8 POSTCOMPLETED@F13WINDOWMANAGER
  40BD70 OPEN@F13WINDOWMANAGERBwBw
  40BDB8 OPEN@F13WINDOWMANAGER
  40BDFC MODALEVENT@F13WINDOWMANAGER
  40BEE0 KILL@F13WINDOWMANAGER
  40C034 INIT@F13WINDOWMANAGER
  40C0B0 ASK@F13WINDOWMANAGER
  40C114 ADDITEM@F13WINDOWMANAGER15WINDOWCOMPONENT
  40C140 ADDITEM@F13WINDOWMANAGER12TOOLBARCLASS
  40C154 ADDITEM@F13WINDOWMANAGERlUc
  40C178 DISABLECANCELCONTROLS@F13WINDOWMANAGER
  40C1D0 ENABLECANCELCONTROLS@F13WINDOWMANAGER
  40C228 GETIFACE@F15CRITICALSECTION
  40C22C DESTRUCT@F15CRITICALSECTION
  40C240 CONSTRUCT@F15CRITICALSECTION
  40C254 KILL@F17CRITICALPROCEDURE
  40C278 INIT@F17CRITICALPROCEDURE11ISYNCOBJECT
  40C298 DESTRUCT@F17CRITICALPROCEDURE
  40C2A0 CONSTRUCT@F17CRITICALPROCEDURE
  40C574 __thr_inst0
  40C79C MAIN@F
  40D9F0 QPLLITEDEMOC10009$FIRMARECIBOS@F
  40DCCC KILL@F22HIDE:RELATE:LIQUIDALEG
  40DD14 INIT@F22HIDE:RELATE:LIQUIDALEG
  40DD4C USEFILE@F22HIDE:ACCESS:LIQUIDALEGUc
  40DDF0 KILL@F22HIDE:ACCESS:LIQUIDALEG
  40DE10 INIT@F22HIDE:ACCESS:LIQUIDALEG
  40DE90 QPLLITEDEMOC10_BC0$QPLLITEDEMOC10_BC0:FILESINIT@F
  40DEA4 QPLLITEDEMOC10_BC0$QPLLITEDEMOC10_BC0:DCTKILL@F
  40DECC QPLLITEDEMOC10_BC0$QPLLITEDEMOC10_BC0:DCTINIT@F
  40DF30 DCTKILL@F
  40DF38 DCTINIT@F
  40DF44 _main
  40DFDC DESTRUCT@F10DICTIONARY
  40DFE4 CONSTRUCT@F10DICTIONARY
  40E000 $DEFAULTERRORS
  40F2B4 TYPE$COLORMAP
  40F2E0 TCB$COLORMAP
  40F45C STDERRORFILE$TYPE$RECORD
  40F474 $STDERRORFILE
  40F4F0 TYPE$PNQ
  40F510 TYPE$DEFAULTERRORS
  40F790 TYPE$HISTHANDLERCLASS
  40F7D8 VMT$HISTHANDLERCLASS
  40F808 TYPE$MSGBOXCLASS
  40FA80 VMT$MSGBOXCLASS
  40FB08 TYPE$ERRORCLASS
  40FD64 VMT$ERRORCLASS
  40FDB0 TYPE$STANDARDERRORLOGCLASS
  40FDE8 VMT$STANDARDERRORLOGCLASS
  40FE00 TYPE$ERRORSTATUSCLASS
  40FEF4 VMT$ERRORSTATUSCLASS
  40FF40 TYPE$UNTHREADEDFILEOPENERMAP
  40FF64 TCB$UNTHREADEDFILEOPENERMAP
  40FF74 TYPE$FILESMANAGER
  40FFB8 VMT$FILESMANAGER
  40FFC4 TYPE$FILEMAPPING_T
  40FFF0 TYPE$FILEMAPPING_R
  410020 TYPE$STATUSQ_T
  410088 TYPE$UNTHREADEDFILEOPENSERVER
  4100D8 VMT$UNTHREADEDFILEOPENSERVER
  4100FC TYPE$THREADEDFILEOPENSERVER
  410130 VMT$THREADEDFILEOPENSERVER
  4102A8 TYPE$FUZZYCLASS
  410350 VMT$FUZZYCLASS
  41035C TYPE$TOOLBARTARGETQUEUE
  410378 TYPE$TOOLBARCLASS
  410390 VMT$TOOLBARCLASS
  41043C TYPE$SELECTFILECLASS
  4104C8 VMT$SELECTFILECLASS
  4104D4 TYPE$INICLASS
  41051C VMT$INICLASS
  4105AC TYPE$BUTTONLIST
  4105D0 TYPE$COMPONENTLIST
  4105EC TYPE$CRITICALSECTION
  410604 VMT$CRITICALSECTION
  410610 TYPE$CRITICALPROCEDURE
  410628 VMT$CRITICALPROCEDURE
  41103C TYPE$HIDE:RELATE:LIQUIDALEG
  4110E0 VMT$HIDE:RELATE:LIQUIDALEG
  41111C TYPE$HIDE:ACCESS:LIQUIDALEG
  41132C VMT$HIDE:ACCESS:LIQUIDALEG
  41147C TYPE$DICTIONARY
  41148C VMT$DICTIONARY
  411498 $GLO:GEA_PICO_PERSONAL_CNX
  4114CC LIQUIDALEG$TYPE$LIQ:RECORD
  41178C VMTP$DICTIONARY
  4117A4 VMTP$HIDE:RELATE:LIQUIDALEG
  4117AC VMTP$HIDE:ACCESS:LIQUIDALEG
  4117B4 VMTP$FILESMANAGER
  4117BC VMTP$UNTHREADEDFILEOPENSERVER
  4117C4 VMTP$THREADEDFILEOPENSERVER
  4117CC VMTP$SELECTFILECLASS
  4117D4 VMTP$INICLASS
  4117DC VMTP$TOOLBARCLASS
  4117E4 VMTP$HISTHANDLERCLASS
  4117EC VMTP$MSGBOXCLASS
  4117F4 VMTP$ERRORCLASS
  4117FC VMTP$STANDARDERRORLOGCLASS
  411804 VMTP$ERRORSTATUSCLASS
  41180C VMTP$FUZZYCLASS
  411814 VMTP$CRITICALSECTION
  41181C VMTP$CRITICALPROCEDURE
  411830 $FUZZYMATCHER
  412E54 $COLORMAP
  412E8C $MULTIWINDOW
  412E90 $TXTWINDOW
  412E94 $WINDOW
  412E98 STDERRORFILE$RECORD
  413298 $UNTHREADEDFILEOPENERMAP
  4132A0 $CREATEOPENERCRIT
  4133B0 $GLOBALERRORS
  4133E4 $INIMGR
  4134FC MEMOS$LIQUIDALEG
  414008 LIQUIDALEG$LIQ:PK_LIQUIDALEG
  41402C KEYS$LIQUIDALEG
  414030 $LIQUIDALEG
  4140D8 $EPOC
  414130 $GLOBALERRORSTATUS
  415454 $GLOBALREQUEST
  415458 $GLOBALRESPONSE
  41545C $VCRREQUEST
  415460 $DICTIONARY
  415464 LIQUIDALEG$LIQ:RECORD
  41546C $RELATE:LIQUIDALEG
  415470 $ACCESS:LIQUIDALEG
  415474 QPLLITEDEMOC10_BC0$_HIDE:RELATE:LIQUIDALEG
  415478 QPLLITEDEMOC10_BC0$_HIDE:ACCESS:LIQUIDALEG
  41547C $FILESMANAGER
  415494 $SZDBTEXTLOG
  416000 __import_section_start
  417488 __import_section_end

Imports
ClaASC.dll:ASCII 416080
ClaMSS.dll:MSSQL 416090
ClaOLE.dll:Cla$HookOle 4160A0
CLAQPLLT:TYPE$QUICKPDFLITE 4160B4
CLAQPLLT:VMT$QUICKPDFLITE 4160B8
ClaRUN.dll:Cla$ACCEPTED 416378,401000
ClaRUN.dll:Cla$ADDqueue 41637C
ClaRUN.dll:Cla$ADDqueuekey 416380,401008
ClaRUN.dll:Cla$AssignLong2RefUfo 416384
ClaRUN.dll:Cla$AssignReal2RefUfo 416388
ClaRUN.dll:Cla$AssignRefUfo 41638C
ClaRUN.dll:Cla$BEEP 416390,401010
ClaRUN.dll:Cla$BindG 416394
ClaRUN.dll:Cla$CLEAR 416398
ClaRUN.dll:Cla$CLEARqueue 41639C
ClaRUN.dll:Cla$clearstr 4163A0
ClaRUN.dll:Cla$ClearUfo 4163A4
ClaRUN.dll:Cla$CLOCK 4163A8,401018
ClaRUN.dll:Cla$CLOSEwindow 4163AC,401020
ClaRUN.dll:Cla$code 4163B0
ClaRUN.dll:Cla$COMMIT 4163B4,401028
ClaRUN.dll:Cla$comparestr 4163B8
ClaRUN.dll:Cla$DecAdd 4163BC
ClaRUN.dll:Cla$DecDistinct 4163C0
ClaRUN.dll:Cla$DecDistinctR 4163C4
ClaRUN.dll:Cla$DecMul 4163C8
ClaRUN.dll:Cla$DELETEqueue 4163CC,401030
ClaRUN.dll:Cla$DELETEREG 4163D0,401038
ClaRUN.dll:Cla$DISABLE 4163D4,401040
ClaRUN.dll:Cla$DISPLAY 4163D8,401048
ClaRUN.dll:Cla$DISPOSEqueue 4163DC
ClaRUN.dll:Cla$DISPOSEref 4163E0
ClaRUN.dll:Cla$DISPOSEvref 4163E4
ClaRUN.dll:Cla$Dlongpower 4163E8
ClaRUN.dll:Cla$DPopLong 4163EC
ClaRUN.dll:Cla$DPushConstant 4163F0
ClaRUN.dll:Cla$DPushLong 4163F4
ClaRUN.dll:Cla$DStack2Stack 4163F8
ClaRUN.dll:Cla$ENABLE 4163FC,401050
ClaRUN.dll:Cla$EndEventLoop 416400
ClaRUN.dll:Cla$ERRORCODE 416404,401058
ClaRUN.dll:Cla$EVENT 416408,401060
ClaRUN.dll:Cla$FIELD 41640C,401068
ClaRUN.dll:Cla$FILEDIALOG 416410,401070
ClaRUN.dll:Cla$FILEERRORCODE 416414,401078
ClaRUN.dll:Cla$FILEERRORMSG 416418,401080
ClaRUN.dll:Cla$FileExists 41641C,401088
ClaRUN.dll:Cla$FILE_ADDf 416420
ClaRUN.dll:Cla$FILE_BUILDf 416424,401090
ClaRUN.dll:CLA$FILE_CALLBACK 416428,401098
ClaRUN.dll:Cla$FILE_CLEAR 41642C
ClaRUN.dll:Cla$FILE_CLOSE 416430,4010A0
ClaRUN.dll:Cla$FILE_CREATE 416434
ClaRUN.dll:Cla$FILE_DELETE 416438,4010A8
ClaRUN.dll:CLA$FILE_DESTROY 41643C
ClaRUN.dll:Cla$FILE_DUPLICATEk 416440,4010B0
ClaRUN.dll:CLA$FILE_FREESTATE 416444,4010B8
ClaRUN.dll:Cla$FILE_GETfk 416448
ClaRUN.dll:Cla$FILE_GETfl 41644C
ClaRUN.dll:Cla$FILE_GETNULLS 416450,4010C0
ClaRUN.dll:CLA$FILE_GETSTATE 416454,4010C8
ClaRUN.dll:Cla$FILE_GET_PROPERTY 416458
ClaRUN.dll:Cla$FILE_NAME 41645C,4010D0
ClaRUN.dll:Cla$FILE_NEXT 416460,4010D8
ClaRUN.dll:Cla$FILE_NOMEMO 416464,4010E0
ClaRUN.dll:Cla$FILE_OPEN 416468,4010E8
ClaRUN.dll:Cla$FILE_POSITIONf 41646C,4010F0
ClaRUN.dll:Cla$FILE_POSITIONk 416470,4010F8
ClaRUN.dll:Cla$FILE_PREV 416474,401100
ClaRUN.dll:Cla$FILE_PUTf 416478
ClaRUN.dll:Cla$FILE_REGETf 41647C,401108
ClaRUN.dll:Cla$FILE_REGETk 416480,401110
ClaRUN.dll:Cla$FILE_RESETf 416484,401118
ClaRUN.dll:Cla$FILE_RESETk 416488,401120
ClaRUN.dll:CLA$FILE_RESTORESTATE 41648C,401128
ClaRUN.dll:Cla$FILE_SEND 416490,401130
ClaRUN.dll:Cla$FILE_SETk 416494,401138
ClaRUN.dll:Cla$FILE_SETkk 416498,401140
ClaRUN.dll:Cla$FILE_SETNULLS 41649C,401148
ClaRUN.dll:Cla$FILE_SET_PROPERTY 4164A0
ClaRUN.dll:Cla$FILE_WATCH 4164A4,401150
ClaRUN.dll:Cla$FOCUS 4164A8,401158
ClaRUN.dll:Cla$FREEqueue 4164AC
ClaRUN.dll:Cla$FREEqueuea 4164B0,401160
ClaRUN.dll:Cla$freestr 4164B4
ClaRUN.dll:Cla$FreeUfo 4164B8
ClaRUN.dll:Cla$freewindow 4164BC
ClaRUN.dll:Cla$GETINI 4164C0,401168
ClaRUN.dll:Cla$GetPropS 4164C4
ClaRUN.dll:Cla$GETqueuekey 4164C8,401170
ClaRUN.dll:Cla$GETqueueptr 4164CC
ClaRUN.dll:Cla$GETREG 4164D0,401178
ClaRUN.dll:Cla$Group2Ufo 4164D4
ClaRUN.dll:Cla$HALT 4164D8,401180
ClaRUN.dll:Cla$init 4164DC
ClaRUN.dll:Cla$INSTANCE 4164E0,401188
ClaRUN.dll:Cla$IsUfoString 4164E4,401190
ClaRUN.dll:Cla$KEYCODE 4164E8,401198
ClaRUN.dll:Cla$KEY_GET_PROPERTY 4164EC
ClaRUN.dll:Cla$LFNDIRECTORY 4164F0,4011A0
ClaRUN.dll:Cla$LOGOUT 4164F4,4011A8
ClaRUN.dll:Cla$longtostr 4164F8
ClaRUN.dll:Cla$Mem2Ufo 4164FC
ClaRUN.dll:Cla$MessageBox 416500,4011B0
ClaRUN.dll:Cla$NewMemB 416504
ClaRUN.dll:Cla$NewMemT 416508
ClaRUN.dll:Cla$NEWqueue 41650C
ClaRUN.dll:Cla$NOTIFICATION 416510,4011B8
ClaRUN.dll:Cla$OPENowned 416514,4011C0
ClaRUN.dll:Cla$OPENwindow 416518,4011C8
ClaRUN.dll:Cla$paopen 41651C,4011D0
ClaRUN.dll:Cla$pmopen 416520,4011D8
ClaRUN.dll:Cla$POINTERqueue 416524,4011E0
ClaRUN.dll:Cla$PopAString 416528
ClaRUN.dll:Cla$PopBind 41652C,4011E8
ClaRUN.dll:Cla$PopCString 416530
ClaRUN.dll:Cla$PopReal 416534
ClaRUN.dll:Cla$PopString 416538
ClaRUN.dll:Cla$PopTemp 41653C
ClaRUN.dll:Cla$POST 416540,4011F0
ClaRUN.dll:Cla$PushAString 416544
ClaRUN.dll:Cla$PushBind 416548,4011F8
ClaRUN.dll:Cla$PushCString 41654C
ClaRUN.dll:Cla$PushLong 416550
ClaRUN.dll:Cla$PushPictLong 416554
ClaRUN.dll:Cla$PushString 416558
ClaRUN.dll:Cla$PushUfo 41655C
ClaRUN.dll:Cla$PUTINI 416560,401200
ClaRUN.dll:Cla$PUTqueue 416564
ClaRUN.dll:Cla$PUTREG 416568,401208
ClaRUN.dll:Cla$pwopen 41656C,401210
ClaRUN.dll:Cla$RECORDSqueue 416570,401218
ClaRUN.dll:Cla$RefAssignAny 416574
ClaRUN.dll:Cla$ROLLBACK 416578,401220
ClaRUN.dll:Cla$SELECT 41657C,401228
ClaRUN.dll:Cla$SETCURSOR 416580,401230
ClaRUN.dll:Cla$SETKEYCODE 416584,401238
ClaRUN.dll:Cla$SETPATH 416588,401240
ClaRUN.dll:Cla$SetPropS 41658C
ClaRUN.dll:Cla$SetPropV 416590
ClaRUN.dll:Cla$SHORTPATH 416594,401248
ClaRUN.dll:Cla$SORTqueuekey 416598,401250
ClaRUN.dll:Cla$Stack2DStack 41659C
ClaRUN.dll:Cla$Stack2Ufo 4165A0
ClaRUN.dll:Cla$StackCLIP 4165A4,401258
ClaRUN.dll:Cla$StackCompareN 4165A8
ClaRUN.dll:Cla$StackCompareNEQ 4165AC
ClaRUN.dll:Cla$StackCompareR 4165B0
ClaRUN.dll:Cla$StackConcat 4165B4
ClaRUN.dll:Cla$StackConcatR 4165B8
ClaRUN.dll:Cla$StackErrstr 4165BC,401260
ClaRUN.dll:Cla$StackHeap 4165C0
ClaRUN.dll:Cla$StackINSTRING 4165C4,401268
ClaRUN.dll:Cla$StackLen 4165C8,401270
ClaRUN.dll:Cla$STACKpop 4165CC
ClaRUN.dll:Cla$StackRotate 4165D0
ClaRUN.dll:Cla$StackSUB 4165D4,401278
ClaRUN.dll:Cla$StackUPPER 4165D8,401280
ClaRUN.dll:Cla$START 4165DC,401288
ClaRUN.dll:Cla$StartEventLoop 4165E0
ClaRUN.dll:Cla$storecstr 4165E4
ClaRUN.dll:Cla$storestr 4165E8
ClaRUN.dll:Cla$THREAD 4165EC,401290
ClaRUN.dll:Cla$THREAD_FILE 4165F0
ClaRUN.dll:Cla$TODAY 4165F4,401298
ClaRUN.dll:Cla$Ufo2Real 4165F8
ClaRUN.dll:Cla$Ufodistinct 4165FC
ClaRUN.dll:Cla$UNHIDE 416600,4012A0
ClaRUN.dll:Cla$UNREGISTEREVENT 416604,4012A8
ClaRUN.dll:Cla$WHAT 416608,4012B0
ClaRUN.dll:Cla$YIELD 41660C,4012B8
ClaRUN.dll:NewCriticalSection 416610,4012C0
ClaRUN.dll:THR$GetInstance 416614,4012C8
ClaRUN.dll:_exit 416618,4012D0
ClaRUN.dll:_free 41661C
ClaRUN.dll:_malloc 416620
ClaRUN.dll:__sysinit 416624,4012D8
ClaRUN.dll:__sysstart 416628,4012E0



Entry Point:   40C2A8